// Jest Snapshot v1, https://goo.gl/fbAQLP

exports[`Test in FirstApp should be match with snapshot 1`] = `
<div>
  <h1
    data-testid="test-title"
  >
    My title
  </h1>
  <p>
    123
  </p>
  <p>
    123
  </p>
</div>
`;
